
User@LAPTOP-SKEA85BT MINGW64 /d/cdac-infoway/git_demo
$ git init
Initialized empty Git repository in D:/cdac-infoway/git_demo/.git/

User@LAPTOP-SKEA85BT MINGW64 /d/cdac-infoway/git_demo (master)
$ git init
Reinitialized existing Git repository in D:/cdac-infoway/git_demo/.git/

User@LAPTOP-SKEA85BT MINGW64 /d/cdac-infoway/git_demo (master)
$ git status
On branch master

No commits yet

Untracked files:
  (use "git add <file>..." to include in what will be committed)
        demo.html

nothing added to commit but untracked files present (use "git add" to track)

User@LAPTOP-SKEA85BT MINGW64 /d/cdac-infoway/git_demo (master)
$ gir add demo.html gitcommands.txt
bash: gir: command not found

User@LAPTOP-SKEA85BT MINGW64 /d/cdac-infoway/git_demo (master)
$ git add demo.html gitcommands.txt

User@LAPTOP-SKEA85BT MINGW64 /d/cdac-infoway/git_demo (master)
$ ^C


User@LAPTOP-SKEA85BT MINGW64 /d/cdac-infoway/git_demo (master)
$ git status
On branch master

No commits yet

Changes to be committed:
  (use "git rm --cached <file>..." to unstage)
        new file:   demo.html
        new file:   gitcommands.txt


User@LAPTOP-SKEA85BT MINGW64 /d/cdac-infoway/git_demo (master)
$ git rm --cached
fatal: No pathspec was given. Which files should I remove?

User@LAPTOP-SKEA85BT MINGW64 /d/cdac-infoway/git_demo (master)
$ git add *

User@LAPTOP-SKEA85BT MINGW64 /d/cdac-infoway/git_demo (master)
$ git add -A

User@LAPTOP-SKEA85BT MINGW64 /d/cdac-infoway/git_demo (master)
$ git status
On branch master

No commits yet

Changes to be committed:
  (use "git rm --cached <file>..." to unstage)
        new file:   demo.html
        new file:   gitcommands.txt


User@LAPTOP-SKEA85BT MINGW64 /d/cdac-infoway/git_demo (master)
$ git rm --cached -f
fatal: No pathspec was given. Which files should I remove?

User@LAPTOP-SKEA85BT MINGW64 /d/cdac-infoway/git_demo (master)
$ git rm --cached
fatal: No pathspec was given. Which files should I remove?

User@LAPTOP-SKEA85BT MINGW64 /d/cdac-infoway/git_demo (master)
$ git status
On branch master

No commits yet

Changes to be committed:
  (use "git rm --cached <file>..." to unstage)
        new file:   demo.html
        new file:   gitcommands.txt


User@LAPTOP-SKEA85BT MINGW64 /d/cdac-infoway/git_demo (master)
$ git status
On branch master

No commits yet

Changes to be committed:
  (use "git rm --cached <file>..." to unstage)
        new file:   demo.html
        new file:   gitcommands.txt

Changes not staged for commit:
  (use "git add <file>..." to update what will be committed)
  (use "git restore <file>..." to discard changes in working directory)
        modified:   gitcommands.txt


User@LAPTOP-SKEA85BT MINGW64 /d/cdac-infoway/git_demo (master)
$ git add -A

User@LAPTOP-SKEA85BT MINGW64 /d/cdac-infoway/git_demo (master)
$ git status
On branch master

No commits yet

Changes to be committed:
  (use "git rm --cached <file>..." to unstage)
        new file:   demo.html
        new file:   gitcommands.txt


User@LAPTOP-SKEA85BT MINGW64 /d/cdac-infoway/git_demo (master)
$ git status
On branch master

No commits yet

Changes to be committed:
  (use "git rm --cached <file>..." to unstage)
        new file:   demo.html
        new file:   gitcommands.txt

Changes not staged for commit:
  (use "git add <file>..." to update what will be committed)
  (use "git restore <file>..." to discard changes in working directory)
        modified:   demo.html


User@LAPTOP-SKEA85BT MINGW64 /d/cdac-infoway/git_demo (master)
$ git commit
hint: Waiting for your editor to close the file...       1 [sig] bash 291! sigpacket::process: Suppressing signal 18 to win32 process (pid 11444)
18466673 [sig] bash 291! sigpacket::process: Suppressing signal 18 to win32 process (pid 11444)
Aborting commit due to empty commit message.

User@LAPTOP-SKEA85BT MINGW64 /d/cdac-infoway/git_demo (master)
$ git log
fatal: your current branch 'master' does not have any commits yet

User@LAPTOP-SKEA85BT MINGW64 /d/cdac-infoway/git_demo (master)
$ git commit -m "updated version for git commands"
[master (root-commit) a203d04] updated version for git commands
 2 files changed, 18 insertions(+)
 create mode 100644 demo.html
 create mode 100644 gitcommands.txt

User@LAPTOP-SKEA85BT MINGW64 /d/cdac-infoway/git_demo (master)
$ git log
commit a203d040b990ad7f03eaf69b576faac8037740c4 (HEAD -> master)
Author: darsha1706 <67919025+darsha1706@users.noreply.github.com>
Date:   Tue Jan 4 16:49:21 2022 +0530

    updated version for git commands

User@LAPTOP-SKEA85BT MINGW64 /d/cdac-infoway/git_demo (master)
$ git diff
diff --git a/demo.html b/demo.html
index a272ec8..e475039 100644
--- a/demo.html
+++ b/demo.html
@@ -10,4 +10,3 @@ this is git demo



-</video>
\ No newline at end of file

User@LAPTOP-SKEA85BT MINGW64 /d/cdac-infoway/git_demo (master)
$ git show
commit a203d040b990ad7f03eaf69b576faac8037740c4 (HEAD -> master)
Author: darsha1706 <67919025+darsha1706@users.noreply.github.com>
Date:   Tue Jan 4 16:49:21 2022 +0530

    updated version for git commands

diff --git a/demo.html b/demo.html
new file mode 100644
index 0000000..a272ec8
--- /dev/null
+++ b/demo.html
@@ -0,0 +1,13 @@
+<html>
+<head>
+
+</head>
+
+<body>
+this is git demo
+
+</body> </html>
+
+
+
+</video>
\ No newline at end of file
diff --git a/gitcommands.txt b/gitcommands.txt
new file mode 100644
index 0000000..b15dd94
--- /dev/null
+++ b/gitcommands.txt
@@ -0,0 +1,5 @@
+git init - initialise and reinitialise git
+
+$ git add demo.html gitcommands.txt
+
+git status
\ No newline at end of file

User@LAPTOP-SKEA85BT MINGW64 /d/cdac-infoway/git_demo (master)
$ git config
usage: git config [<options>]

Config file location
    --global              use global config file
    --system              use system config file
    --local               use repository config file
    --worktree            use per-worktree config file
    -f, --file <file>     use given config file
    --blob <blob-id>      read config from given blob object

Action
    --get                 get value: name [value-pattern]
    --get-all             get all values: key [value-pattern]
    --get-regexp          get values for regexp: name-regex [value-pattern]
    --get-urlmatch        get value specific for the URL: section[.var] URL
    --replace-all         replace all matching variables: name value [value-patt
    --add                 add a new variable: name value
    --unset               remove a variable: name [value-pattern]
    --unset-all           remove all matches: name [value-pattern]
    --rename-section      rename section: old-name new-name
    --remove-section      remove a section: name
    -l, --list            list all
    --fixed-value         use string equality when comparing values to 'value-pa
    -e, --edit            open an editor
    --get-color           find the color configured: slot [default]
    --get-colorbool       find the color setting: slot [stdout-is-tty]

Type
    -t, --type <>         value is given this type
    --bool                value is "true" or "false"
    --int                 value is decimal number
    --bool-or-int         value is --bool or --int
    --bool-or-str         value is --bool or string
    --path                value is a path (file or directory name)
    --expiry-date         value is an expiry date

Other
    -z, --null            terminate values with NUL byte
    --name-only           show variable names only
    --includes            respect include directives on lookup
    --show-origin         show origin of config (file, standard input, blob, com
    --show-scope          show scope of config (worktree, local, global, system,
    --default <value>     with --get, use default value when missing entry


User@LAPTOP-SKEA85BT MINGW64 /d/cdac-infoway/git_demo (master)
$ git config --global user,name "Darshana Agarwal"
error: key does not contain a section: user,name

User@LAPTOP-SKEA85BT MINGW64 /d/cdac-infoway/git_demo (master)
$ git config --global user.name "Darshana Agarwal"

User@LAPTOP-SKEA85BT MINGW64 /d/cdac-infoway/git_demo (master)
$ git config --global user.email "darshana170699@gmail.com"

User@LAPTOP-SKEA85BT MINGW64 /d/cdac-infoway/git_demo (master)
$ git show
commit a203d040b990ad7f03eaf69b576faac8037740c4 (HEAD -> master)
Author: darsha1706 <67919025+darsha1706@users.noreply.github.com>
Date:   Tue Jan 4 16:49:21 2022 +0530

    updated version for git commands

diff --git a/demo.html b/demo.html
new file mode 100644
index 0000000..a272ec8
--- /dev/null
+++ b/demo.html
@@ -0,0 +1,13 @@
+<html>
+<head>
+
+</head>
+
+<body>
+this is git demo
+
+</body> </html>
+
+
+
+</video>
\ No newline at end of file
diff --git a/gitcommands.txt b/gitcommands.txt
new file mode 100644
index 0000000..b15dd94
--- /dev/null
+++ b/gitcommands.txt
@@ -0,0 +1,5 @@
+git init - initialise and reinitialise git
+
+$ git add demo.html gitcommands.txt
+
+git status
\ No newline at end of file

User@LAPTOP-SKEA85BT MINGW64 /d/cdac-infoway/git_demo (master)
$ git status
On branch master
Changes not staged for commit:
  (use "git add <file>..." to update what will be committed)
  (use "git restore <file>..." to discard changes in working directory)
        modified:   demo.html

no changes added to commit (use "git add" and/or "git commit -a")

User@LAPTOP-SKEA85BT MINGW64 /d/cdac-infoway/git_demo (master)
$ git log
commit a203d040b990ad7f03eaf69b576faac8037740c4 (HEAD -> master)
Author: darsha1706 <67919025+darsha1706@users.noreply.github.com>
Date:   Tue Jan 4 16:49:21 2022 +0530

    updated version for git commands

User@LAPTOP-SKEA85BT MINGW64 /d/cdac-infoway/git_demo (master)
$ ^C

User@LAPTOP-SKEA85BT MINGW64 /d/cdac-infoway/git_demo (master)
$ git diff
diff --git a/demo.html b/demo.html
index a272ec8..e475039 100644
--- a/demo.html
+++ b/demo.html
@@ -10,4 +10,3 @@ this is git demo



-</video>
\ No newline at end of file

User@LAPTOP-SKEA85BT MINGW64 /d/cdac-infoway/git_demo (master)
$ git commit -m " after reset"
On branch master
Changes not staged for commit:
  (use "git add <file>..." to update what will be committed)
  (use "git restore <file>..." to discard changes in working directory)
        modified:   demo.html

no changes added to commit (use "git add" and/or "git commit -a")

User@LAPTOP-SKEA85BT MINGW64 /d/cdac-infoway/git_demo (master)
$ git status
On branch master
Changes not staged for commit:
  (use "git add <file>..." to update what will be committed)
  (use "git restore <file>..." to discard changes in working directory)
        modified:   demo.html

no changes added to commit (use "git add" and/or "git commit -a")

User@LAPTOP-SKEA85BT MINGW64 /d/cdac-infoway/git_demo (master)
$ git log
commit a203d040b990ad7f03eaf69b576faac8037740c4 (HEAD -> master)
Author: darsha1706 <67919025+darsha1706@users.noreply.github.com>
Date:   Tue Jan 4 16:49:21 2022 +0530

    updated version for git commands

User@LAPTOP-SKEA85BT MINGW64 /d/cdac-infoway/git_demo (master)
$ git commit -a " after reset"
fatal: paths ' after reset ...' with -a does not make sense

User@LAPTOP-SKEA85BT MINGW64 /d/cdac-infoway/git_demo (master)
$ git commit -a "after reset"
fatal: paths 'after reset ...' with -a does not make sense

User@LAPTOP-SKEA85BT MINGW64 /d/cdac-infoway/git_demo (master)
$ git reset a203d040b990ad7f03eaf69b576faac8037740c4
Unstaged changes after reset:
M       demo.html

User@LAPTOP-SKEA85BT MINGW64 /d/cdac-infoway/git_demo (master)
$ git log
commit a203d040b990ad7f03eaf69b576faac8037740c4 (HEAD -> master)
Author: darsha1706 <67919025+darsha1706@users.noreply.github.com>
Date:   Tue Jan 4 16:49:21 2022 +0530

    updated version for git commands

User@LAPTOP-SKEA85BT MINGW64 /d/cdac-infoway/git_demo (master)
$
